Command line invocation:
    /Applications/Xcode.app/Contents/Developer/usr/bin/xcodebuild -scheme "Media Muncher" test "-only-testing:Media MuncherTests/FileProcessorRecalculationTests/testRecalculateFileStatuses_changesPreExistingToWaiting"

--- xcodebuild: WARNING: Using the first of multiple matching destinations:
{ platform:macOS, arch:arm64, id:00006000-000C145C3C29801E, name:My Mac }
{ platform:macOS, arch:x86_64, id:00006000-000C145C3C29801E, name:My Mac }
{ platform:macOS, name:Any Mac }
ComputePackagePrebuildTargetDependencyGraph

Prepare packages

CreateBuildRequest

SendProjectDescription

CreateBuildOperation

ComputeTargetDependencyGraph
note: Building targets in dependency order
note: Target dependency graph (2 targets)
    Target 'Media MuncherTests' in project 'Media Muncher'
        ➜ Explicit dependency on target 'Media Muncher' in project 'Media Muncher'
    Target 'Media Muncher' in project 'Media Muncher' (no dependencies)

GatherProvisioningInputs

CreateBuildDescription

ExecuteExternalTool /Applications/Xcode.app/Contents/Developer/usr/bin/actool --version --output-format xml1

ExecuteExternalTool /Applications/Xcode.app/Contents/Developer/Toolchains/XcodeDefault.xctoolchain/usr/bin/swiftc --version

ExecuteExternalTool /Applications/Xcode.app/Contents/Developer/Toolchains/XcodeDefault.xctoolchain/usr/bin/clang -v -E -dM -isysroot /Applications/Xcode.app/Contents/Developer/Platforms/MacOSX.platform/Developer/SDKs/MacOSX15.5.sdk -x c -c /dev/null

ExecuteExternalTool /Applications/Xcode.app/Contents/Developer/Toolchains/XcodeDefault.xctoolchain/usr/bin/ld -version_details

Build description signature: 1e78085942947393b8c732236beda6e6
Build description path: /Users/tonimelisma/Library/Developer/Xcode/DerivedData/Media_Muncher-aycbbxmhmvlzfedfyiwymprzawtu/Build/Intermediates.noindex/XCBuildData/1e78085942947393b8c732236beda6e6.xcbuilddata
ClangStatCache /Applications/Xcode.app/Contents/Developer/Toolchains/XcodeDefault.xctoolchain/usr/bin/clang-stat-cache /Applications/Xcode.app/Contents/Developer/Platforms/MacOSX.platform/Developer/SDKs/MacOSX15.5.sdk /Users/tonimelisma/Library/Developer/Xcode/DerivedData/SDKStatCaches.noindex/macosx15.5-24F74-8254517eb8b97d462ccbc072ba9094c9.sdkstatcache
    cd /Users/tonimelisma/Development/Media\ Muncher/Media\ Muncher.xcodeproj
    /Applications/Xcode.app/Contents/Developer/Toolchains/XcodeDefault.xctoolchain/usr/bin/clang-stat-cache /Applications/Xcode.app/Contents/Developer/Platforms/MacOSX.platform/Developer/SDKs/MacOSX15.5.sdk -o /Users/tonimelisma/Library/Developer/Xcode/DerivedData/SDKStatCaches.noindex/macosx15.5-24F74-8254517eb8b97d462ccbc072ba9094c9.sdkstatcache

WriteAuxiliaryFile /Users/tonimelisma/Library/Developer/Xcode/DerivedData/Media_Muncher-aycbbxmhmvlzfedfyiwymprzawtu/Build/Intermediates.noindex/Media\ Muncher.build/Debug/Media\ Muncher.build/Objects-normal/arm64/Media\ Muncher.SwiftFileList (in target 'Media Muncher' from project 'Media Muncher')
    cd /Users/tonimelisma/Development/Media\ Muncher
    write-file /Users/tonimelisma/Library/Developer/Xcode/DerivedData/Media_Muncher-aycbbxmhmvlzfedfyiwymprzawtu/Build/Intermediates.noindex/Media\ Muncher.build/Debug/Media\ Muncher.build/Objects-normal/arm64/Media\ Muncher.SwiftFileList

WriteAuxiliaryFile /Users/tonimelisma/Library/Developer/Xcode/DerivedData/Media_Muncher-aycbbxmhmvlzfedfyiwymprzawtu/Build/Intermediates.noindex/Media\ Muncher.build/Debug/Media\ MuncherTests.build/Objects-normal/arm64/Media\ MuncherTests.SwiftConstValuesFileList (in target 'Media MuncherTests' from project 'Media Muncher')
    cd /Users/tonimelisma/Development/Media\ Muncher
    write-file /Users/tonimelisma/Library/Developer/Xcode/DerivedData/Media_Muncher-aycbbxmhmvlzfedfyiwymprzawtu/Build/Intermediates.noindex/Media\ Muncher.build/Debug/Media\ MuncherTests.build/Objects-normal/arm64/Media\ MuncherTests.SwiftConstValuesFileList

WriteAuxiliaryFile /Users/tonimelisma/Library/Developer/Xcode/DerivedData/Media_Muncher-aycbbxmhmvlzfedfyiwymprzawtu/Build/Intermediates.noindex/Media\ Muncher.build/Debug/Media\ MuncherTests.build/Objects-normal/arm64/Media\ MuncherTests.SwiftFileList (in target 'Media MuncherTests' from project 'Media Muncher')
    cd /Users/tonimelisma/Development/Media\ Muncher
    write-file /Users/tonimelisma/Library/Developer/Xcode/DerivedData/Media_Muncher-aycbbxmhmvlzfedfyiwymprzawtu/Build/Intermediates.noindex/Media\ Muncher.build/Debug/Media\ MuncherTests.build/Objects-normal/arm64/Media\ MuncherTests.SwiftFileList

WriteAuxiliaryFile /Users/tonimelisma/Library/Developer/Xcode/DerivedData/Media_Muncher-aycbbxmhmvlzfedfyiwymprzawtu/Build/Intermediates.noindex/Media\ Muncher.build/Debug/Media\ MuncherTests.build/Objects-normal/arm64/Media\ MuncherTests.LinkFileList (in target 'Media MuncherTests' from project 'Media Muncher')
    cd /Users/tonimelisma/Development/Media\ Muncher
    write-file /Users/tonimelisma/Library/Developer/Xcode/DerivedData/Media_Muncher-aycbbxmhmvlzfedfyiwymprzawtu/Build/Intermediates.noindex/Media\ Muncher.build/Debug/Media\ MuncherTests.build/Objects-normal/arm64/Media\ MuncherTests.LinkFileList

WriteAuxiliaryFile /Users/tonimelisma/Library/Developer/Xcode/DerivedData/Media_Muncher-aycbbxmhmvlzfedfyiwymprzawtu/Build/Intermediates.noindex/Media\ Muncher.build/Debug/Media\ Muncher.build/Objects-normal/arm64/Media\ Muncher.SwiftConstValuesFileList (in target 'Media Muncher' from project 'Media Muncher')
    cd /Users/tonimelisma/Development/Media\ Muncher
    write-file /Users/tonimelisma/Library/Developer/Xcode/DerivedData/Media_Muncher-aycbbxmhmvlzfedfyiwymprzawtu/Build/Intermediates.noindex/Media\ Muncher.build/Debug/Media\ Muncher.build/Objects-normal/arm64/Media\ Muncher.SwiftConstValuesFileList

WriteAuxiliaryFile /Users/tonimelisma/Library/Developer/Xcode/DerivedData/Media_Muncher-aycbbxmhmvlzfedfyiwymprzawtu/Build/Intermediates.noindex/Media\ Muncher.build/Debug/Media\ Muncher.build/Objects-normal/arm64/Media\ Muncher.LinkFileList (in target 'Media Muncher' from project 'Media Muncher')
    cd /Users/tonimelisma/Development/Media\ Muncher
    write-file /Users/tonimelisma/Library/Developer/Xcode/DerivedData/Media_Muncher-aycbbxmhmvlzfedfyiwymprzawtu/Build/Intermediates.noindex/Media\ Muncher.build/Debug/Media\ Muncher.build/Objects-normal/arm64/Media\ Muncher.LinkFileList

ProcessInfoPlistFile /Users/tonimelisma/Library/Developer/Xcode/DerivedData/Media_Muncher-aycbbxmhmvlzfedfyiwymprzawtu/Build/Products/Debug/Media\ Muncher.app/Contents/Info.plist /Users/tonimelisma/Development/Media\ Muncher/Media-Muncher-Info.plist (in target 'Media Muncher' from project 'Media Muncher')
    cd /Users/tonimelisma/Development/Media\ Muncher
    builtin-infoPlistUtility /Users/tonimelisma/Development/Media\ Muncher/Media-Muncher-Info.plist -producttype com.apple.product-type.application -genpkginfo /Users/tonimelisma/Library/Developer/Xcode/DerivedData/Media_Muncher-aycbbxmhmvlzfedfyiwymprzawtu/Build/Products/Debug/Media\ Muncher.app/Contents/PkgInfo -expandbuildsettings -platform macosx -additionalcontentfile /Users/tonimelisma/Library/Developer/Xcode/DerivedData/Media_Muncher-aycbbxmhmvlzfedfyiwymprzawtu/Build/Intermediates.noindex/Media\ Muncher.build/Debug/Media\ Muncher.build/assetcatalog_generated_info.plist -o /Users/tonimelisma/Library/Developer/Xcode/DerivedData/Media_Muncher-aycbbxmhmvlzfedfyiwymprzawtu/Build/Products/Debug/Media\ Muncher.app/Contents/Info.plist

SwiftDriver Media\ Muncher normal arm64 com.apple.xcode.tools.swift.compiler (in target 'Media Muncher' from project 'Media Muncher')
    cd /Users/tonimelisma/Development/Media\ Muncher
    builtin-SwiftDriver -- /Applications/Xcode.app/Contents/Developer/Toolchains/XcodeDefault.xctoolchain/usr/bin/swiftc -module-name Media_Muncher -Onone -enforce-exclusivity\=checked @/Users/tonimelisma/Library/Developer/Xcode/DerivedData/Media_Muncher-aycbbxmhmvlzfedfyiwymprzawtu/Build/Intermediates.noindex/Media\ Muncher.build/Debug/Media\ Muncher.build/Objects-normal/arm64/Media\ Muncher.SwiftFileList -DDEBUG -enable-bare-slash-regex -enable-experimental-feature DebugDescriptionMacro -sdk /Applications/Xcode.app/Contents/Developer/Platforms/MacOSX.platform/Developer/SDKs/MacOSX15.5.sdk -target arm64-apple-macos15.2 -g -module-cache-path /Users/tonimelisma/Library/Developer/Xcode/DerivedData/ModuleCache.noindex -Xfrontend -serialize-debugging-options -profile-coverage-mapping -profile-generate -enable-testing -index-store-path /Users/tonimelisma/Library/Developer/Xcode/DerivedData/Media_Muncher-aycbbxmhmvlzfedfyiwymprzawtu/Index.noindex/DataStore -swift-version 5 -I /Users/tonimelisma/Library/Developer/Xcode/DerivedData/Media_Muncher-aycbbxmhmvlzfedfyiwymprzawtu/Build/Products/Debug -F /Users/tonimelisma/Library/Developer/Xcode/DerivedData/Media_Muncher-aycbbxmhmvlzfedfyiwymprzawtu/Build/Products/Debug -emit-localized-strings -emit-localized-strings-path /Users/tonimelisma/Library/Developer/Xcode/DerivedData/Media_Muncher-aycbbxmhmvlzfedfyiwymprzawtu/Build/Intermediates.noindex/Media\ Muncher.build/Debug/Media\ Muncher.build/Objects-normal/arm64 -c -j8 -enable-batch-mode -incremental -Xcc -ivfsstatcache -Xcc /Users/tonimelisma/Library/Developer/Xcode/DerivedData/SDKStatCaches.noindex/macosx15.5-24F74-8254517eb8b97d462ccbc072ba9094c9.sdkstatcache -output-file-map /Users/tonimelisma/Library/Developer/Xcode/DerivedData/Media_Muncher-aycbbxmhmvlzfedfyiwymprzawtu/Build/Intermediates.noindex/Media\ Muncher.build/Debug/Media\ Muncher.build/Objects-normal/arm64/Media\ Muncher-OutputFileMap.json -use-frontend-parseable-output -save-temps -no-color-diagnostics -serialize-diagnostics -emit-dependencies -emit-module -emit-module-path /Users/tonimelisma/Library/Developer/Xcode/DerivedData/Media_Muncher-aycbbxmhmvlzfedfyiwymprzawtu/Build/Intermediates.noindex/Media\ Muncher.build/Debug/Media\ Muncher.build/Objects-normal/arm64/Media_Muncher.swiftmodule -validate-clang-modules-once -clang-build-session-file /Users/tonimelisma/Library/Developer/Xcode/DerivedData/ModuleCache.noindex/Session.modulevalidation -Xcc -I/Users/tonimelisma/Library/Developer/Xcode/DerivedData/Media_Muncher-aycbbxmhmvlzfedfyiwymprzawtu/Build/Intermediates.noindex/Media\ Muncher.build/Debug/Media\ Muncher.build/swift-overrides.hmap -emit-const-values -Xfrontend -const-gather-protocols-file -Xfrontend /Users/tonimelisma/Library/Developer/Xcode/DerivedData/Media_Muncher-aycbbxmhmvlzfedfyiwymprzawtu/Build/Intermediates.noindex/Media\ Muncher.build/Debug/Media\ Muncher.build/Objects-normal/arm64/Media\ Muncher_const_extract_protocols.json -Xcc -iquote -Xcc /Users/tonimelisma/Library/Developer/Xcode/DerivedData/Media_Muncher-aycbbxmhmvlzfedfyiwymprzawtu/Build/Intermediates.noindex/Media\ Muncher.build/Debug/Media\ Muncher.build/Media\ Muncher-generated-files.hmap -Xcc -I/Users/tonimelisma/Library/Developer/Xcode/DerivedData/Media_Muncher-aycbbxmhmvlzfedfyiwymprzawtu/Build/Intermediates.noindex/Media\ Muncher.build/Debug/Media\ Muncher.build/Media\ Muncher-own-target-headers.hmap -Xcc -I/Users/tonimelisma/Library/Developer/Xcode/DerivedData/Media_Muncher-aycbbxmhmvlzfedfyiwymprzawtu/Build/Intermediates.noindex/Media\ Muncher.build/Debug/Media\ Muncher.build/Media\ Muncher-all-target-headers.hmap -Xcc -iquote -Xcc /Users/tonimelisma/Library/Developer/Xcode/DerivedData/Media_Muncher-aycbbxmhmvlzfedfyiwymprzawtu/Build/Intermediates.noindex/Media\ Muncher.build/Debug/Media\ Muncher.build/Media\ Muncher-project-headers.hmap -Xcc -I/Users/tonimelisma/Library/Developer/Xcode/DerivedData/Media_Muncher-aycbbxmhmvlzfedfyiwymprzawtu/Build/Products/Debug/include -Xcc -I/Users/tonimelisma/Library/Developer/Xcode/DerivedData/Media_Muncher-aycbbxmhmvlzfedfyiwymprzawtu/Build/Intermediates.noindex/Media\ Muncher.build/Debug/Media\ Muncher.build/DerivedSources-normal/arm64 -Xcc -I/Users/tonimelisma/Library/Developer/Xcode/DerivedData/Media_Muncher-aycbbxmhmvlzfedfyiwymprzawtu/Build/Intermediates.noindex/Media\ Muncher.build/Debug/Media\ Muncher.build/DerivedSources/arm64 -Xcc -I/Users/tonimelisma/Library/Developer/Xcode/DerivedData/Media_Muncher-aycbbxmhmvlzfedfyiwymprzawtu/Build/Intermediates.noindex/Media\ Muncher.build/Debug/Media\ Muncher.build/DerivedSources -Xcc -DDEBUG\=1 -emit-objc-header -emit-objc-header-path /Users/tonimelisma/Library/Developer/Xcode/DerivedData/Media_Muncher-aycbbxmhmvlzfedfyiwymprzawtu/Build/Intermediates.noindex/Media\ Muncher.build/Debug/Media\ Muncher.build/Objects-normal/arm64/Media_Muncher-Swift.h -working-directory /Users/tonimelisma/Development/Media\ Muncher -experimental-emit-module-separately -disable-cmo

SwiftDriver\ Compilation\ Requirements Media\ Muncher normal arm64 com.apple.xcode.tools.swift.compiler (in target 'Media Muncher' from project 'Media Muncher')
    cd /Users/tonimelisma/Development/Media\ Muncher
    builtin-Swift-Compilation-Requirements -- /Applications/Xcode.app/Contents/Developer/Toolchains/XcodeDefault.xctoolchain/usr/bin/swiftc -module-name Media_Muncher -Onone -enforce-exclusivity\=checked @/Users/tonimelisma/Library/Developer/Xcode/DerivedData/Media_Muncher-aycbbxmhmvlzfedfyiwymprzawtu/Build/Intermediates.noindex/Media\ Muncher.build/Debug/Media\ Muncher.build/Objects-normal/arm64/Media\ Muncher.SwiftFileList -DDEBUG -enable-bare-slash-regex -enable-experimental-feature DebugDescriptionMacro -sdk /Applications/Xcode.app/Contents/Developer/Platforms/MacOSX.platform/Developer/SDKs/MacOSX15.5.sdk -target arm64-apple-macos15.2 -g -module-cache-path /Users/tonimelisma/Library/Developer/Xcode/DerivedData/ModuleCache.noindex -Xfrontend -serialize-debugging-options -profile-coverage-mapping -profile-generate -enable-testing -index-store-path /Users/tonimelisma/Library/Developer/Xcode/DerivedData/Media_Muncher-aycbbxmhmvlzfedfyiwymprzawtu/Index.noindex/DataStore -swift-version 5 -I /Users/tonimelisma/Library/Developer/Xcode/DerivedData/Media_Muncher-aycbbxmhmvlzfedfyiwymprzawtu/Build/Products/Debug -F /Users/tonimelisma/Library/Developer/Xcode/DerivedData/Media_Muncher-aycbbxmhmvlzfedfyiwymprzawtu/Build/Products/Debug -emit-localized-strings -emit-localized-strings-path /Users/tonimelisma/Library/Developer/Xcode/DerivedData/Media_Muncher-aycbbxmhmvlzfedfyiwymprzawtu/Build/Intermediates.noindex/Media\ Muncher.build/Debug/Media\ Muncher.build/Objects-normal/arm64 -c -j8 -enable-batch-mode -incremental -Xcc -ivfsstatcache -Xcc /Users/tonimelisma/Library/Developer/Xcode/DerivedData/SDKStatCaches.noindex/macosx15.5-24F74-8254517eb8b97d462ccbc072ba9094c9.sdkstatcache -output-file-map /Users/tonimelisma/Library/Developer/Xcode/DerivedData/Media_Muncher-aycbbxmhmvlzfedfyiwymprzawtu/Build/Intermediates.noindex/Media\ Muncher.build/Debug/Media\ Muncher.build/Objects-normal/arm64/Media\ Muncher-OutputFileMap.json -use-frontend-parseable-output -save-temps -no-color-diagnostics -serialize-diagnostics -emit-dependencies -emit-module -emit-module-path /Users/tonimelisma/Library/Developer/Xcode/DerivedData/Media_Muncher-aycbbxmhmvlzfedfyiwymprzawtu/Build/Intermediates.noindex/Media\ Muncher.build/Debug/Media\ Muncher.build/Objects-normal/arm64/Media_Muncher.swiftmodule -validate-clang-modules-once -clang-build-session-file /Users/tonimelisma/Library/Developer/Xcode/DerivedData/ModuleCache.noindex/Session.modulevalidation -Xcc -I/Users/tonimelisma/Library/Developer/Xcode/DerivedData/Media_Muncher-aycbbxmhmvlzfedfyiwymprzawtu/Build/Intermediates.noindex/Media\ Muncher.build/Debug/Media\ Muncher.build/swift-overrides.hmap -emit-const-values -Xfrontend -const-gather-protocols-file -Xfrontend /Users/tonimelisma/Library/Developer/Xcode/DerivedData/Media_Muncher-aycbbxmhmvlzfedfyiwymprzawtu/Build/Intermediates.noindex/Media\ Muncher.build/Debug/Media\ Muncher.build/Objects-normal/arm64/Media\ Muncher_const_extract_protocols.json -Xcc -iquote -Xcc /Users/tonimelisma/Library/Developer/Xcode/DerivedData/Media_Muncher-aycbbxmhmvlzfedfyiwymprzawtu/Build/Intermediates.noindex/Media\ Muncher.build/Debug/Media\ Muncher.build/Media\ Muncher-generated-files.hmap -Xcc -I/Users/tonimelisma/Library/Developer/Xcode/DerivedData/Media_Muncher-aycbbxmhmvlzfedfyiwymprzawtu/Build/Intermediates.noindex/Media\ Muncher.build/Debug/Media\ Muncher.build/Media\ Muncher-own-target-headers.hmap -Xcc -I/Users/tonimelisma/Library/Developer/Xcode/DerivedData/Media_Muncher-aycbbxmhmvlzfedfyiwymprzawtu/Build/Intermediates.noindex/Media\ Muncher.build/Debug/Media\ Muncher.build/Media\ Muncher-all-target-headers.hmap -Xcc -iquote -Xcc /Users/tonimelisma/Library/Developer/Xcode/DerivedData/Media_Muncher-aycbbxmhmvlzfedfyiwymprzawtu/Build/Intermediates.noindex/Media\ Muncher.build/Debug/Media\ Muncher.build/Media\ Muncher-project-headers.hmap -Xcc -I/Users/tonimelisma/Library/Developer/Xcode/DerivedData/Media_Muncher-aycbbxmhmvlzfedfyiwymprzawtu/Build/Products/Debug/include -Xcc -I/Users/tonimelisma/Library/Developer/Xcode/DerivedData/Media_Muncher-aycbbxmhmvlzfedfyiwymprzawtu/Build/Intermediates.noindex/Media\ Muncher.build/Debug/Media\ Muncher.build/DerivedSources-normal/arm64 -Xcc -I/Users/tonimelisma/Library/Developer/Xcode/DerivedData/Media_Muncher-aycbbxmhmvlzfedfyiwymprzawtu/Build/Intermediates.noindex/Media\ Muncher.build/Debug/Media\ Muncher.build/DerivedSources/arm64 -Xcc -I/Users/tonimelisma/Library/Developer/Xcode/DerivedData/Media_Muncher-aycbbxmhmvlzfedfyiwymprzawtu/Build/Intermediates.noindex/Media\ Muncher.build/Debug/Media\ Muncher.build/DerivedSources -Xcc -DDEBUG\=1 -emit-objc-header -emit-objc-header-path /Users/tonimelisma/Library/Developer/Xcode/DerivedData/Media_Muncher-aycbbxmhmvlzfedfyiwymprzawtu/Build/Intermediates.noindex/Media\ Muncher.build/Debug/Media\ Muncher.build/Objects-normal/arm64/Media_Muncher-Swift.h -working-directory /Users/tonimelisma/Development/Media\ Muncher -experimental-emit-module-separately -disable-cmo

SwiftDriver\ Compilation Media\ Muncher normal arm64 com.apple.xcode.tools.swift.compiler (in target 'Media Muncher' from project 'Media Muncher')
    cd /Users/tonimelisma/Development/Media\ Muncher
    builtin-Swift-Compilation -- /Applications/Xcode.app/Contents/Developer/Toolchains/XcodeDefault.xctoolchain/usr/bin/swiftc -module-name Media_Muncher -Onone -enforce-exclusivity\=checked @/Users/tonimelisma/Library/Developer/Xcode/DerivedData/Media_Muncher-aycbbxmhmvlzfedfyiwymprzawtu/Build/Intermediates.noindex/Media\ Muncher.build/Debug/Media\ Muncher.build/Objects-normal/arm64/Media\ Muncher.SwiftFileList -DDEBUG -enable-bare-slash-regex -enable-experimental-feature DebugDescriptionMacro -sdk /Applications/Xcode.app/Contents/Developer/Platforms/MacOSX.platform/Developer/SDKs/MacOSX15.5.sdk -target arm64-apple-macos15.2 -g -module-cache-path /Users/tonimelisma/Library/Developer/Xcode/DerivedData/ModuleCache.noindex -Xfrontend -serialize-debugging-options -profile-coverage-mapping -profile-generate -enable-testing -index-store-path /Users/tonimelisma/Library/Developer/Xcode/DerivedData/Media_Muncher-aycbbxmhmvlzfedfyiwymprzawtu/Index.noindex/DataStore -swift-version 5 -I /Users/tonimelisma/Library/Developer/Xcode/DerivedData/Media_Muncher-aycbbxmhmvlzfedfyiwymprzawtu/Build/Products/Debug -F /Users/tonimelisma/Library/Developer/Xcode/DerivedData/Media_Muncher-aycbbxmhmvlzfedfyiwymprzawtu/Build/Products/Debug -emit-localized-strings -emit-localized-strings-path /Users/tonimelisma/Library/Developer/Xcode/DerivedData/Media_Muncher-aycbbxmhmvlzfedfyiwymprzawtu/Build/Intermediates.noindex/Media\ Muncher.build/Debug/Media\ Muncher.build/Objects-normal/arm64 -c -j8 -enable-batch-mode -incremental -Xcc -ivfsstatcache -Xcc /Users/tonimelisma/Library/Developer/Xcode/DerivedData/SDKStatCaches.noindex/macosx15.5-24F74-8254517eb8b97d462ccbc072ba9094c9.sdkstatcache -output-file-map /Users/tonimelisma/Library/Developer/Xcode/DerivedData/Media_Muncher-aycbbxmhmvlzfedfyiwymprzawtu/Build/Intermediates.noindex/Media\ Muncher.build/Debug/Media\ Muncher.build/Objects-normal/arm64/Media\ Muncher-OutputFileMap.json -use-frontend-parseable-output -save-temps -no-color-diagnostics -serialize-diagnostics -emit-dependencies -emit-module -emit-module-path /Users/tonimelisma/Library/Developer/Xcode/DerivedData/Media_Muncher-aycbbxmhmvlzfedfyiwymprzawtu/Build/Intermediates.noindex/Media\ Muncher.build/Debug/Media\ Muncher.build/Objects-normal/arm64/Media_Muncher.swiftmodule -validate-clang-modules-once -clang-build-session-file /Users/tonimelisma/Library/Developer/Xcode/DerivedData/ModuleCache.noindex/Session.modulevalidation -Xcc -I/Users/tonimelisma/Library/Developer/Xcode/DerivedData/Media_Muncher-aycbbxmhmvlzfedfyiwymprzawtu/Build/Intermediates.noindex/Media\ Muncher.build/Debug/Media\ Muncher.build/swift-overrides.hmap -emit-const-values -Xfrontend -const-gather-protocols-file -Xfrontend /Users/tonimelisma/Library/Developer/Xcode/DerivedData/Media_Muncher-aycbbxmhmvlzfedfyiwymprzawtu/Build/Intermediates.noindex/Media\ Muncher.build/Debug/Media\ Muncher.build/Objects-normal/arm64/Media\ Muncher_const_extract_protocols.json -Xcc -iquote -Xcc /Users/tonimelisma/Library/Developer/Xcode/DerivedData/Media_Muncher-aycbbxmhmvlzfedfyiwymprzawtu/Build/Intermediates.noindex/Media\ Muncher.build/Debug/Media\ Muncher.build/Media\ Muncher-generated-files.hmap -Xcc -I/Users/tonimelisma/Library/Developer/Xcode/DerivedData/Media_Muncher-aycbbxmhmvlzfedfyiwymprzawtu/Build/Intermediates.noindex/Media\ Muncher.build/Debug/Media\ Muncher.build/Media\ Muncher-own-target-headers.hmap -Xcc -I/Users/tonimelisma/Library/Developer/Xcode/DerivedData/Media_Muncher-aycbbxmhmvlzfedfyiwymprzawtu/Build/Intermediates.noindex/Media\ Muncher.build/Debug/Media\ Muncher.build/Media\ Muncher-all-target-headers.hmap -Xcc -iquote -Xcc /Users/tonimelisma/Library/Developer/Xcode/DerivedData/Media_Muncher-aycbbxmhmvlzfedfyiwymprzawtu/Build/Intermediates.noindex/Media\ Muncher.build/Debug/Media\ Muncher.build/Media\ Muncher-project-headers.hmap -Xcc -I/Users/tonimelisma/Library/Developer/Xcode/DerivedData/Media_Muncher-aycbbxmhmvlzfedfyiwymprzawtu/Build/Products/Debug/include -Xcc -I/Users/tonimelisma/Library/Developer/Xcode/DerivedData/Media_Muncher-aycbbxmhmvlzfedfyiwymprzawtu/Build/Intermediates.noindex/Media\ Muncher.build/Debug/Media\ Muncher.build/DerivedSources-normal/arm64 -Xcc -I/Users/tonimelisma/Library/Developer/Xcode/DerivedData/Media_Muncher-aycbbxmhmvlzfedfyiwymprzawtu/Build/Intermediates.noindex/Media\ Muncher.build/Debug/Media\ Muncher.build/DerivedSources/arm64 -Xcc -I/Users/tonimelisma/Library/Developer/Xcode/DerivedData/Media_Muncher-aycbbxmhmvlzfedfyiwymprzawtu/Build/Intermediates.noindex/Media\ Muncher.build/Debug/Media\ Muncher.build/DerivedSources -Xcc -DDEBUG\=1 -emit-objc-header -emit-objc-header-path /Users/tonimelisma/Library/Developer/Xcode/DerivedData/Media_Muncher-aycbbxmhmvlzfedfyiwymprzawtu/Build/Intermediates.noindex/Media\ Muncher.build/Debug/Media\ Muncher.build/Objects-normal/arm64/Media_Muncher-Swift.h -working-directory /Users/tonimelisma/Development/Media\ Muncher -experimental-emit-module-separately -disable-cmo

SwiftDriver Media\ MuncherTests normal arm64 com.apple.xcode.tools.swift.compiler (in target 'Media MuncherTests' from project 'Media Muncher')
    cd /Users/tonimelisma/Development/Media\ Muncher
    builtin-SwiftDriver -- /Applications/Xcode.app/Contents/Developer/Toolchains/XcodeDefault.xctoolchain/usr/bin/swiftc -module-name Media_MuncherTests -Onone -enforce-exclusivity\=checked @/Users/tonimelisma/Library/Developer/Xcode/DerivedData/Media_Muncher-aycbbxmhmvlzfedfyiwymprzawtu/Build/Intermediates.noindex/Media\ Muncher.build/Debug/Media\ MuncherTests.build/Objects-normal/arm64/Media\ MuncherTests.SwiftFileList -DDEBUG -plugin-path /Applications/Xcode.app/Contents/Developer/Toolchains/XcodeDefault.xctoolchain/usr/lib/swift/host/plugins/testing -enable-bare-slash-regex -enable-experimental-feature DebugDescriptionMacro -sdk /Applications/Xcode.app/Contents/Developer/Platforms/MacOSX.platform/Developer/SDKs/MacOSX15.5.sdk -target arm64-apple-macos15.2 -g -module-cache-path /Users/tonimelisma/Library/Developer/Xcode/DerivedData/ModuleCache.noindex -Xfrontend -serialize-debugging-options -profile-coverage-mapping -profile-generate -enable-testing -index-store-path /Users/tonimelisma/Library/Developer/Xcode/DerivedData/Media_Muncher-aycbbxmhmvlzfedfyiwymprzawtu/Index.noindex/DataStore -swift-version 5 -I /Users/tonimelisma/Library/Developer/Xcode/DerivedData/Media_Muncher-aycbbxmhmvlzfedfyiwymprzawtu/Build/Products/Debug -I /Applications/Xcode.app/Contents/Developer/Platforms/MacOSX.platform/Developer/usr/lib -F /Users/tonimelisma/Library/Developer/Xcode/DerivedData/Media_Muncher-aycbbxmhmvlzfedfyiwymprzawtu/Build/Products/Debug -F /Applications/Xcode.app/Contents/Developer/Platforms/MacOSX.platform/Developer/Library/Frameworks -c -j8 -enable-batch-mode -incremental -Xcc -ivfsstatcache -Xcc /Users/tonimelisma/Library/Developer/Xcode/DerivedData/SDKStatCaches.noindex/macosx15.5-24F74-8254517eb8b97d462ccbc072ba9094c9.sdkstatcache -output-file-map /Users/tonimelisma/Library/Developer/Xcode/DerivedData/Media_Muncher-aycbbxmhmvlzfedfyiwymprzawtu/Build/Intermediates.noindex/Media\ Muncher.build/Debug/Media\ MuncherTests.build/Objects-normal/arm64/Media\ MuncherTests-OutputFileMap.json -use-frontend-parseable-output -save-temps -no-color-diagnostics -serialize-diagnostics -emit-dependencies -emit-module -emit-module-path /Users/tonimelisma/Library/Developer/Xcode/DerivedData/Media_Muncher-aycbbxmhmvlzfedfyiwymprzawtu/Build/Intermediates.noindex/Media\ Muncher.build/Debug/Media\ MuncherTests.build/Objects-normal/arm64/Media_MuncherTests.swiftmodule -validate-clang-modules-once -clang-build-session-file /Users/tonimelisma/Library/Developer/Xcode/DerivedData/ModuleCache.noindex/Session.modulevalidation -Xcc -I/Users/tonimelisma/Library/Developer/Xcode/DerivedData/Media_Muncher-aycbbxmhmvlzfedfyiwymprzawtu/Build/Intermediates.noindex/Media\ Muncher.build/Debug/Media\ MuncherTests.build/swift-overrides.hmap -emit-const-values -Xfrontend -const-gather-protocols-file -Xfrontend /Users/tonimelisma/Library/Developer/Xcode/DerivedData/Media_Muncher-aycbbxmhmvlzfedfyiwymprzawtu/Build/Intermediates.noindex/Media\ Muncher.build/Debug/Media\ MuncherTests.build/Objects-normal/arm64/Media\ MuncherTests_const_extract_protocols.json -Xcc -iquote -Xcc /Users/tonimelisma/Library/Developer/Xcode/DerivedData/Media_Muncher-aycbbxmhmvlzfedfyiwymprzawtu/Build/Intermediates.noindex/Media\ Muncher.build/Debug/Media\ MuncherTests.build/Media\ MuncherTests-generated-files.hmap -Xcc -I/Users/tonimelisma/Library/Developer/Xcode/DerivedData/Media_Muncher-aycbbxmhmvlzfedfyiwymprzawtu/Build/Intermediates.noindex/Media\ Muncher.build/Debug/Media\ MuncherTests.build/Media\ MuncherTests-own-target-headers.hmap -Xcc -I/Users/tonimelisma/Library/Developer/Xcode/DerivedData/Media_Muncher-aycbbxmhmvlzfedfyiwymprzawtu/Build/Intermediates.noindex/Media\ Muncher.build/Debug/Media\ MuncherTests.build/Media\ MuncherTests-all-target-headers.hmap -Xcc -iquote -Xcc /Users/tonimelisma/Library/Developer/Xcode/DerivedData/Media_Muncher-aycbbxmhmvlzfedfyiwymprzawtu/Build/Intermediates.noindex/Media\ Muncher.build/Debug/Media\ MuncherTests.build/Media\ MuncherTests-project-headers.hmap -Xcc -I/Users/tonimelisma/Library/Developer/Xcode/DerivedData/Media_Muncher-aycbbxmhmvlzfedfyiwymprzawtu/Build/Products/Debug/include -Xcc -I/Users/tonimelisma/Library/Developer/Xcode/DerivedData/Media_Muncher-aycbbxmhmvlzfedfyiwymprzawtu/Build/Intermediates.noindex/Media\ Muncher.build/Debug/Media\ MuncherTests.build/DerivedSources-normal/arm64 -Xcc -I/Users/tonimelisma/Library/Developer/Xcode/DerivedData/Media_Muncher-aycbbxmhmvlzfedfyiwymprzawtu/Build/Intermediates.noindex/Media\ Muncher.build/Debug/Media\ MuncherTests.build/DerivedSources/arm64 -Xcc -I/Users/tonimelisma/Library/Developer/Xcode/DerivedData/Media_Muncher-aycbbxmhmvlzfedfyiwymprzawtu/Build/Intermediates.noindex/Media\ Muncher.build/Debug/Media\ MuncherTests.build/DerivedSources -Xcc -DDEBUG\=1 -emit-objc-header -emit-objc-header-path /Users/tonimelisma/Library/Developer/Xcode/DerivedData/Media_Muncher-aycbbxmhmvlzfedfyiwymprzawtu/Build/Intermediates.noindex/Media\ Muncher.build/Debug/Media\ MuncherTests.build/Objects-normal/arm64/Media_MuncherTests-Swift.h -working-directory /Users/tonimelisma/Development/Media\ Muncher -experimental-emit-module-separately -disable-cmo

Ld /Users/tonimelisma/Library/Developer/Xcode/DerivedData/Media_Muncher-aycbbxmhmvlzfedfyiwymprzawtu/Build/Products/Debug/Media\ Muncher.app/Contents/MacOS/Media\ Muncher.debug.dylib normal (in target 'Media Muncher' from project 'Media Muncher')
    cd /Users/tonimelisma/Development/Media\ Muncher
    /Applications/Xcode.app/Contents/Developer/Toolchains/XcodeDefault.xctoolchain/usr/bin/clang -Xlinker -reproducible -target arm64-apple-macos15.2 -dynamiclib -isysroot /Applications/Xcode.app/Contents/Developer/Platforms/MacOSX.platform/Developer/SDKs/MacOSX15.5.sdk -O0 -L/Users/tonimelisma/Library/Developer/Xcode/DerivedData/Media_Muncher-aycbbxmhmvlzfedfyiwymprzawtu/Build/Intermediates.noindex/EagerLinkingTBDs/Debug -L/Users/tonimelisma/Library/Developer/Xcode/DerivedData/Media_Muncher-aycbbxmhmvlzfedfyiwymprzawtu/Build/Products/Debug -F/Users/tonimelisma/Library/Developer/Xcode/DerivedData/Media_Muncher-aycbbxmhmvlzfedfyiwymprzawtu/Build/Intermediates.noindex/EagerLinkingTBDs/Debug -F/Users/tonimelisma/Library/Developer/Xcode/DerivedData/Media_Muncher-aycbbxmhmvlzfedfyiwymprzawtu/Build/Products/Debug -filelist /Users/tonimelisma/Library/Developer/Xcode/DerivedData/Media_Muncher-aycbbxmhmvlzfedfyiwymprzawtu/Build/Intermediates.noindex/Media\ Muncher.build/Debug/Media\ Muncher.build/Objects-normal/arm64/Media\ Muncher.LinkFileList -install_name @rpath/Media\ Muncher.debug.dylib -Xlinker -rpath -Xlinker @executable_path/../Frameworks -dead_strip -Xlinker -object_path_lto -Xlinker /Users/tonimelisma/Library/Developer/Xcode/DerivedData/Media_Muncher-aycbbxmhmvlzfedfyiwymprzawtu/Build/Intermediates.noindex/Media\ Muncher.build/Debug/Media\ Muncher.build/Objects-normal/arm64/Media\ Muncher_lto.o -rdynamic -Xlinker -no_deduplicate -Xlinker -debug_variant -Xlinker -dependency_info -Xlinker /Users/tonimelisma/Library/Developer/Xcode/DerivedData/Media_Muncher-aycbbxmhmvlzfedfyiwymprzawtu/Build/Intermediates.noindex/Media\ Muncher.build/Debug/Media\ Muncher.build/Objects-normal/arm64/Media\ Muncher_dependency_info.dat -fobjc-link-runtime -fprofile-instr-generate -L/Applications/Xcode.app/Contents/Developer/Toolchains/XcodeDefault.xctoolchain/usr/lib/swift/macosx -L/usr/lib/swift -Xlinker -add_ast_path -Xlinker /Users/tonimelisma/Library/Developer/Xcode/DerivedData/Media_Muncher-aycbbxmhmvlzfedfyiwymprzawtu/Build/Intermediates.noindex/Media\ Muncher.build/Debug/Media\ Muncher.build/Objects-normal/arm64/Media_Muncher.swiftmodule -Xlinker -alias -Xlinker _main -Xlinker ___debug_main_executable_dylib_entry_point -Xlinker -no_adhoc_codesign -o /Users/tonimelisma/Library/Developer/Xcode/DerivedData/Media_Muncher-aycbbxmhmvlzfedfyiwymprzawtu/Build/Products/Debug/Media\ Muncher.app/Contents/MacOS/Media\ Muncher.debug.dylib

SwiftEmitModule normal arm64 Emitting\ module\ for\ Media_MuncherTests (in target 'Media MuncherTests' from project 'Media Muncher')
EmitSwiftModule normal arm64 (in target 'Media MuncherTests' from project 'Media Muncher')
    cd /Users/tonimelisma/Development/Media\ Muncher
    

SwiftCompile normal arm64 Compiling\ FileProcessorRecalculationTests.swift /Users/tonimelisma/Development/Media\ Muncher/Media\ MuncherTests/FileProcessorRecalculationTests.swift (in target 'Media MuncherTests' from project 'Media Muncher')
SwiftCompile normal arm64 /Users/tonimelisma/Development/Media\ Muncher/Media\ MuncherTests/FileProcessorRecalculationTests.swift (in target 'Media MuncherTests' from project 'Media Muncher')
    cd /Users/tonimelisma/Development/Media\ Muncher
    
/Users/tonimelisma/Development/Media Muncher/Media MuncherTests/FileProcessorRecalculationTests.swift:132:13: warning: variable 'file1' was never mutated; consider changing to 'let' constant
        var file1 = File(sourcePath: sourceDir.appendingPathComponent("file1.jpg").path, mediaType: .image, status: .waiting)
        ~~~ ^
        let
/Users/tonimelisma/Development/Media Muncher/Media MuncherTests/FileProcessorRecalculationTests.swift:133:13: warning: variable 'file2' was never mutated; consider changing to 'let' constant
        var file2 = File(sourcePath: sourceDir.appendingPathComponent("file2.jpg").path, mediaType: .image, status: .duplicate_in_source)
        ~~~ ^
        let

ConstructStubExecutorLinkFileList /Users/tonimelisma/Library/Developer/Xcode/DerivedData/Media_Muncher-aycbbxmhmvlzfedfyiwymprzawtu/Build/Intermediates.noindex/Media\ Muncher.build/Debug/Media\ Muncher.build/Media\ Muncher-ExecutorLinkFileList-normal-arm64.txt (in target 'Media Muncher' from project 'Media Muncher')
    cd /Users/tonimelisma/Development/Media\ Muncher
    construct-stub-executor-link-file-list /Users/tonimelisma/Library/Developer/Xcode/DerivedData/Media_Muncher-aycbbxmhmvlzfedfyiwymprzawtu/Build/Products/Debug/Media\ Muncher.app/Contents/MacOS/Media\ Muncher.debug.dylib /Applications/Xcode.app/Contents/Developer/Platforms/MacOSX.platform/Developer/usr/lib/libPreviewsJITStubExecutor_no_swift_entry_point.a /Applications/Xcode.app/Contents/Developer/Platforms/MacOSX.platform/Developer/usr/lib/libPreviewsJITStubExecutor.a --output /Users/tonimelisma/Library/Developer/Xcode/DerivedData/Media_Muncher-aycbbxmhmvlzfedfyiwymprzawtu/Build/Intermediates.noindex/Media\ Muncher.build/Debug/Media\ Muncher.build/Media\ Muncher-ExecutorLinkFileList-normal-arm64.txt
note: Using stub executor library with Swift entry point. (in target 'Media Muncher' from project 'Media Muncher')

Ld /Users/tonimelisma/Library/Developer/Xcode/DerivedData/Media_Muncher-aycbbxmhmvlzfedfyiwymprzawtu/Build/Products/Debug/Media\ Muncher.app/Contents/MacOS/Media\ Muncher normal (in target 'Media Muncher' from project 'Media Muncher')
    cd /Users/tonimelisma/Development/Media\ Muncher
    /Applications/Xcode.app/Contents/Developer/Toolchains/XcodeDefault.xctoolchain/usr/bin/clang -Xlinker -reproducible -target arm64-apple-macos15.2 -isysroot /Applications/Xcode.app/Contents/Developer/Platforms/MacOSX.platform/Developer/SDKs/MacOSX15.5.sdk -O0 -L/Users/tonimelisma/Library/Developer/Xcode/DerivedData/Media_Muncher-aycbbxmhmvlzfedfyiwymprzawtu/Build/Products/Debug -F/Users/tonimelisma/Library/Developer/Xcode/DerivedData/Media_Muncher-aycbbxmhmvlzfedfyiwymprzawtu/Build/Products/Debug -Xlinker -rpath -Xlinker @executable_path -Xlinker -rpath -Xlinker @executable_path/../Frameworks -rdynamic -Xlinker -no_deduplicate -Xlinker -debug_variant -e ___debug_blank_executor_main -Xlinker -sectcreate -Xlinker __TEXT -Xlinker __debug_dylib -Xlinker /Users/tonimelisma/Library/Developer/Xcode/DerivedData/Media_Muncher-aycbbxmhmvlzfedfyiwymprzawtu/Build/Intermediates.noindex/Media\ Muncher.build/Debug/Media\ Muncher.build/Media\ Muncher-DebugDylibPath-normal-arm64.txt -Xlinker -sectcreate -Xlinker __TEXT -Xlinker __debug_instlnm -Xlinker /Users/tonimelisma/Library/Developer/Xcode/DerivedData/Media_Muncher-aycbbxmhmvlzfedfyiwymprzawtu/Build/Intermediates.noindex/Media\ Muncher.build/Debug/Media\ Muncher.build/Media\ Muncher-DebugDylibInstallName-normal-arm64.txt -Xlinker -filelist -Xlinker /Users/tonimelisma/Library/Developer/Xcode/DerivedData/Media_Muncher-aycbbxmhmvlzfedfyiwymprzawtu/Build/Intermediates.noindex/Media\ Muncher.build/Debug/Media\ Muncher.build/Media\ Muncher-ExecutorLinkFileList-normal-arm64.txt /Users/tonimelisma/Library/Developer/Xcode/DerivedData/Media_Muncher-aycbbxmhmvlzfedfyiwymprzawtu/Build/Products/Debug/Media\ Muncher.app/Contents/MacOS/Media\ Muncher.debug.dylib -Xlinker -no_adhoc_codesign -o /Users/tonimelisma/Library/Developer/Xcode/DerivedData/Media_Muncher-aycbbxmhmvlzfedfyiwymprzawtu/Build/Products/Debug/Media\ Muncher.app/Contents/MacOS/Media\ Muncher

CopySwiftLibs /Users/tonimelisma/Library/Developer/Xcode/DerivedData/Media_Muncher-aycbbxmhmvlzfedfyiwymprzawtu/Build/Products/Debug/Media\ Muncher.app (in target 'Media Muncher' from project 'Media Muncher')
    cd /Users/tonimelisma/Development/Media\ Muncher
    builtin-swiftStdLibTool --copy --verbose --sign E487D48A93D24A659CAEB4DB45BBDEB070938D5E --scan-executable /Users/tonimelisma/Library/Developer/Xcode/DerivedData/Media_Muncher-aycbbxmhmvlzfedfyiwymprzawtu/Build/Products/Debug/Media\ Muncher.app/Contents/MacOS/Media\ Muncher.debug.dylib --scan-folder /Users/tonimelisma/Library/Developer/Xcode/DerivedData/Media_Muncher-aycbbxmhmvlzfedfyiwymprzawtu/Build/Products/Debug/Media\ Muncher.app/Contents/Frameworks --scan-folder /Users/tonimelisma/Library/Developer/Xcode/DerivedData/Media_Muncher-aycbbxmhmvlzfedfyiwymprzawtu/Build/Products/Debug/Media\ Muncher.app/Contents/PlugIns --scan-folder /Users/tonimelisma/Library/Developer/Xcode/DerivedData/Media_Muncher-aycbbxmhmvlzfedfyiwymprzawtu/Build/Products/Debug/Media\ Muncher.app/Contents/Library/SystemExtensions --scan-folder /Users/tonimelisma/Library/Developer/Xcode/DerivedData/Media_Muncher-aycbbxmhmvlzfedfyiwymprzawtu/Build/Products/Debug/Media\ Muncher.app/Contents/Extensions --platform macosx --toolchain /Applications/Xcode.app/Contents/Developer/Toolchains/XcodeDefault.xctoolchain --destination /Users/tonimelisma/Library/Developer/Xcode/DerivedData/Media_Muncher-aycbbxmhmvlzfedfyiwymprzawtu/Build/Products/Debug/Media\ Muncher.app/Contents/Frameworks --strip-bitcode --strip-bitcode-tool /Applications/Xcode.app/Contents/Developer/Toolchains/XcodeDefault.xctoolchain/usr/bin/bitcode_strip --emit-dependency-info /Users/tonimelisma/Library/Developer/Xcode/DerivedData/Media_Muncher-aycbbxmhmvlzfedfyiwymprzawtu/Build/Intermediates.noindex/Media\ Muncher.build/Debug/Media\ Muncher.build/SwiftStdLibToolInputDependencies.dep --filter-for-swift-os

ExtractAppIntentsMetadata (in target 'Media Muncher' from project 'Media Muncher')
    cd /Users/tonimelisma/Development/Media\ Muncher
    /Applications/Xcode.app/Contents/Developer/Toolchains/XcodeDefault.xctoolchain/usr/bin/appintentsmetadataprocessor --toolchain-dir /Applications/Xcode.app/Contents/Developer/Toolchains/XcodeDefault.xctoolchain --module-name Media_Muncher --sdk-root /Applications/Xcode.app/Contents/Developer/Platforms/MacOSX.platform/Developer/SDKs/MacOSX15.5.sdk --xcode-version 16F6 --platform-family macOS --deployment-target 15.2 --bundle-identifier net.melisma.Media-Muncher --output /Users/tonimelisma/Library/Developer/Xcode/DerivedData/Media_Muncher-aycbbxmhmvlzfedfyiwymprzawtu/Build/Products/Debug/Media\ Muncher.app/Contents/Resources --target-triple arm64-apple-macos15.2 --binary-file /Users/tonimelisma/Library/Developer/Xcode/DerivedData/Media_Muncher-aycbbxmhmvlzfedfyiwymprzawtu/Build/Products/Debug/Media\ Muncher.app/Contents/MacOS/Media\ Muncher --dependency-file /Users/tonimelisma/Library/Developer/Xcode/DerivedData/Media_Muncher-aycbbxmhmvlzfedfyiwymprzawtu/Build/Intermediates.noindex/Media\ Muncher.build/Debug/Media\ Muncher.build/Objects-normal/arm64/Media\ Muncher_dependency_info.dat --stringsdata-file /Users/tonimelisma/Library/Developer/Xcode/DerivedData/Media_Muncher-aycbbxmhmvlzfedfyiwymprzawtu/Build/Intermediates.noindex/Media\ Muncher.build/Debug/Media\ Muncher.build/Objects-normal/arm64/ExtractedAppShortcutsMetadata.stringsdata --source-file-list /Users/tonimelisma/Library/Developer/Xcode/DerivedData/Media_Muncher-aycbbxmhmvlzfedfyiwymprzawtu/Build/Intermediates.noindex/Media\ Muncher.build/Debug/Media\ Muncher.build/Objects-normal/arm64/Media\ Muncher.SwiftFileList --metadata-file-list /Users/tonimelisma/Library/Developer/Xcode/DerivedData/Media_Muncher-aycbbxmhmvlzfedfyiwymprzawtu/Build/Intermediates.noindex/Media\ Muncher.build/Debug/Media\ Muncher.build/Media\ Muncher.DependencyMetadataFileList --static-metadata-file-list /Users/tonimelisma/Library/Developer/Xcode/DerivedData/Media_Muncher-aycbbxmhmvlzfedfyiwymprzawtu/Build/Intermediates.noindex/Media\ Muncher.build/Debug/Media\ Muncher.build/Media\ Muncher.DependencyStaticMetadataFileList --swift-const-vals-list /Users/tonimelisma/Library/Developer/Xcode/DerivedData/Media_Muncher-aycbbxmhmvlzfedfyiwymprzawtu/Build/Intermediates.noindex/Media\ Muncher.build/Debug/Media\ Muncher.build/Objects-normal/arm64/Media\ Muncher.SwiftConstValuesFileList --compile-time-extraction --deployment-aware-processing --validate-assistant-intents --no-app-shortcuts-localization
2025-07-12 17:46:11.482 appintentsmetadataprocessor[63147:66865207] Starting appintentsmetadataprocessor export
2025-07-12 17:46:11.484 appintentsmetadataprocessor[63147:66865207] warning: Metadata extraction skipped. No AppIntents.framework dependency found.

ProcessInfoPlistFile /Users/tonimelisma/Library/Developer/Xcode/DerivedData/Media_Muncher-aycbbxmhmvlzfedfyiwymprzawtu/Build/Products/Debug/Media\ Muncher.app/Contents/PlugIns/Media\ MuncherTests.xctest/Contents/Info.plist /Users/tonimelisma/Library/Developer/Xcode/DerivedData/Media_Muncher-aycbbxmhmvlzfedfyiwymprzawtu/Build/Intermediates.noindex/Media\ Muncher.build/Debug/Media\ MuncherTests.build/empty-Media\ MuncherTests.plist (in target 'Media MuncherTests' from project 'Media Muncher')
    cd /Users/tonimelisma/Development/Media\ Muncher
    builtin-infoPlistUtility /Users/tonimelisma/Library/Developer/Xcode/DerivedData/Media_Muncher-aycbbxmhmvlzfedfyiwymprzawtu/Build/Intermediates.noindex/Media\ Muncher.build/Debug/Media\ MuncherTests.build/empty-Media\ MuncherTests.plist -producttype com.apple.product-type.bundle.unit-test -expandbuildsettings -platform macosx -o /Users/tonimelisma/Library/Developer/Xcode/DerivedData/Media_Muncher-aycbbxmhmvlzfedfyiwymprzawtu/Build/Products/Debug/Media\ Muncher.app/Contents/PlugIns/Media\ MuncherTests.xctest/Contents/Info.plist

SwiftDriverJobDiscovery normal arm64 Emitting module for Media_MuncherTests (in target 'Media MuncherTests' from project 'Media Muncher')

SwiftDriver\ Compilation\ Requirements Media\ MuncherTests normal arm64 com.apple.xcode.tools.swift.compiler (in target 'Media MuncherTests' from project 'Media Muncher')
    cd /Users/tonimelisma/Development/Media\ Muncher
    builtin-Swift-Compilation-Requirements -- /Applications/Xcode.app/Contents/Developer/Toolchains/XcodeDefault.xctoolchain/usr/bin/swiftc -module-name Media_MuncherTests -Onone -enforce-exclusivity\=checked @/Users/tonimelisma/Library/Developer/Xcode/DerivedData/Media_Muncher-aycbbxmhmvlzfedfyiwymprzawtu/Build/Intermediates.noindex/Media\ Muncher.build/Debug/Media\ MuncherTests.build/Objects-normal/arm64/Media\ MuncherTests.SwiftFileList -DDEBUG -plugin-path /Applications/Xcode.app/Contents/Developer/Toolchains/XcodeDefault.xctoolchain/usr/lib/swift/host/plugins/testing -enable-bare-slash-regex -enable-experimental-feature DebugDescriptionMacro -sdk /Applications/Xcode.app/Contents/Developer/Platforms/MacOSX.platform/Developer/SDKs/MacOSX15.5.sdk -target arm64-apple-macos15.2 -g -module-cache-path /Users/tonimelisma/Library/Developer/Xcode/DerivedData/ModuleCache.noindex -Xfrontend -serialize-debugging-options -profile-coverage-mapping -profile-generate -enable-testing -index-store-path /Users/tonimelisma/Library/Developer/Xcode/DerivedData/Media_Muncher-aycbbxmhmvlzfedfyiwymprzawtu/Index.noindex/DataStore -swift-version 5 -I /Users/tonimelisma/Library/Developer/Xcode/DerivedData/Media_Muncher-aycbbxmhmvlzfedfyiwymprzawtu/Build/Products/Debug -I /Applications/Xcode.app/Contents/Developer/Platforms/MacOSX.platform/Developer/usr/lib -F /Users/tonimelisma/Library/Developer/Xcode/DerivedData/Media_Muncher-aycbbxmhmvlzfedfyiwymprzawtu/Build/Products/Debug -F /Applications/Xcode.app/Contents/Developer/Platforms/MacOSX.platform/Developer/Library/Frameworks -c -j8 -enable-batch-mode -incremental -Xcc -ivfsstatcache -Xcc /Users/tonimelisma/Library/Developer/Xcode/DerivedData/SDKStatCaches.noindex/macosx15.5-24F74-8254517eb8b97d462ccbc072ba9094c9.sdkstatcache -output-file-map /Users/tonimelisma/Library/Developer/Xcode/DerivedData/Media_Muncher-aycbbxmhmvlzfedfyiwymprzawtu/Build/Intermediates.noindex/Media\ Muncher.build/Debug/Media\ MuncherTests.build/Objects-normal/arm64/Media\ MuncherTests-OutputFileMap.json -use-frontend-parseable-output -save-temps -no-color-diagnostics -serialize-diagnostics -emit-dependencies -emit-module -emit-module-path /Users/tonimelisma/Library/Developer/Xcode/DerivedData/Media_Muncher-aycbbxmhmvlzfedfyiwymprzawtu/Build/Intermediates.noindex/Media\ Muncher.build/Debug/Media\ MuncherTests.build/Objects-normal/arm64/Media_MuncherTests.swiftmodule -validate-clang-modules-once -clang-build-session-file /Users/tonimelisma/Library/Developer/Xcode/DerivedData/ModuleCache.noindex/Session.modulevalidation -Xcc -I/Users/tonimelisma/Library/Developer/Xcode/DerivedData/Media_Muncher-aycbbxmhmvlzfedfyiwymprzawtu/Build/Intermediates.noindex/Media\ Muncher.build/Debug/Media\ MuncherTests.build/swift-overrides.hmap -emit-const-values -Xfrontend -const-gather-protocols-file -Xfrontend /Users/tonimelisma/Library/Developer/Xcode/DerivedData/Media_Muncher-aycbbxmhmvlzfedfyiwymprzawtu/Build/Intermediates.noindex/Media\ Muncher.build/Debug/Media\ MuncherTests.build/Objects-normal/arm64/Media\ MuncherTests_const_extract_protocols.json -Xcc -iquote -Xcc /Users/tonimelisma/Library/Developer/Xcode/DerivedData/Media_Muncher-aycbbxmhmvlzfedfyiwymprzawtu/Build/Intermediates.noindex/Media\ Muncher.build/Debug/Media\ MuncherTests.build/Media\ MuncherTests-generated-files.hmap -Xcc -I/Users/tonimelisma/Library/Developer/Xcode/DerivedData/Media_Muncher-aycbbxmhmvlzfedfyiwymprzawtu/Build/Intermediates.noindex/Media\ Muncher.build/Debug/Media\ MuncherTests.build/Media\ MuncherTests-own-target-headers.hmap -Xcc -I/Users/tonimelisma/Library/Developer/Xcode/DerivedData/Media_Muncher-aycbbxmhmvlzfedfyiwymprzawtu/Build/Intermediates.noindex/Media\ Muncher.build/Debug/Media\ MuncherTests.build/Media\ MuncherTests-all-target-headers.hmap -Xcc -iquote -Xcc /Users/tonimelisma/Library/Developer/Xcode/DerivedData/Media_Muncher-aycbbxmhmvlzfedfyiwymprzawtu/Build/Intermediates.noindex/Media\ Muncher.build/Debug/Media\ MuncherTests.build/Media\ MuncherTests-project-headers.hmap -Xcc -I/Users/tonimelisma/Library/Developer/Xcode/DerivedData/Media_Muncher-aycbbxmhmvlzfedfyiwymprzawtu/Build/Products/Debug/include -Xcc -I/Users/tonimelisma/Library/Developer/Xcode/DerivedData/Media_Muncher-aycbbxmhmvlzfedfyiwymprzawtu/Build/Intermediates.noindex/Media\ Muncher.build/Debug/Media\ MuncherTests.build/DerivedSources-normal/arm64 -Xcc -I/Users/tonimelisma/Library/Developer/Xcode/DerivedData/Media_Muncher-aycbbxmhmvlzfedfyiwymprzawtu/Build/Intermediates.noindex/Media\ Muncher.build/Debug/Media\ MuncherTests.build/DerivedSources/arm64 -Xcc -I/Users/tonimelisma/Library/Developer/Xcode/DerivedData/Media_Muncher-aycbbxmhmvlzfedfyiwymprzawtu/Build/Intermediates.noindex/Media\ Muncher.build/Debug/Media\ MuncherTests.build/DerivedSources -Xcc -DDEBUG\=1 -emit-objc-header -emit-objc-header-path /Users/tonimelisma/Library/Developer/Xcode/DerivedData/Media_Muncher-aycbbxmhmvlzfedfyiwymprzawtu/Build/Intermediates.noindex/Media\ Muncher.build/Debug/Media\ MuncherTests.build/Objects-normal/arm64/Media_MuncherTests-Swift.h -working-directory /Users/tonimelisma/Development/Media\ Muncher -experimental-emit-module-separately -disable-cmo

Copy /Users/tonimelisma/Library/Developer/Xcode/DerivedData/Media_Muncher-aycbbxmhmvlzfedfyiwymprzawtu/Build/Products/Debug/Media_MuncherTests.swiftmodule/arm64-apple-macos.swiftmodule /Users/tonimelisma/Library/Developer/Xcode/DerivedData/Media_Muncher-aycbbxmhmvlzfedfyiwymprzawtu/Build/Intermediates.noindex/Media\ Muncher.build/Debug/Media\ MuncherTests.build/Objects-normal/arm64/Media_MuncherTests.swiftmodule (in target 'Media MuncherTests' from project 'Media Muncher')
    cd /Users/tonimelisma/Development/Media\ Muncher
    builtin-copy -exclude .DS_Store -exclude CVS -exclude .svn -exclude .git -exclude .hg -resolve-src-symlinks -rename /Users/tonimelisma/Library/Developer/Xcode/DerivedData/Media_Muncher-aycbbxmhmvlzfedfyiwymprzawtu/Build/Intermediates.noindex/Media\ Muncher.build/Debug/Media\ MuncherTests.build/Objects-normal/arm64/Media_MuncherTests.swiftmodule /Users/tonimelisma/Library/Developer/Xcode/DerivedData/Media_Muncher-aycbbxmhmvlzfedfyiwymprzawtu/Build/Products/Debug/Media_MuncherTests.swiftmodule/arm64-apple-macos.swiftmodule

Copy /Users/tonimelisma/Library/Developer/Xcode/DerivedData/Media_Muncher-aycbbxmhmvlzfedfyiwymprzawtu/Build/Products/Debug/Media_MuncherTests.swiftmodule/Project/arm64-apple-macos.swiftsourceinfo /Users/tonimelisma/Library/Developer/Xcode/DerivedData/Media_Muncher-aycbbxmhmvlzfedfyiwymprzawtu/Build/Intermediates.noindex/Media\ Muncher.build/Debug/Media\ MuncherTests.build/Objects-normal/arm64/Media_MuncherTests.swiftsourceinfo (in target 'Media MuncherTests' from project 'Media Muncher')
    cd /Users/tonimelisma/Development/Media\ Muncher
    builtin-copy -exclude .DS_Store -exclude CVS -exclude .svn -exclude .git -exclude .hg -resolve-src-symlinks -rename /Users/tonimelisma/Library/Developer/Xcode/DerivedData/Media_Muncher-aycbbxmhmvlzfedfyiwymprzawtu/Build/Intermediates.noindex/Media\ Muncher.build/Debug/Media\ MuncherTests.build/Objects-normal/arm64/Media_MuncherTests.swiftsourceinfo /Users/tonimelisma/Library/Developer/Xcode/DerivedData/Media_Muncher-aycbbxmhmvlzfedfyiwymprzawtu/Build/Products/Debug/Media_MuncherTests.swiftmodule/Project/arm64-apple-macos.swiftsourceinfo

Copy /Users/tonimelisma/Library/Developer/Xcode/DerivedData/Media_Muncher-aycbbxmhmvlzfedfyiwymprzawtu/Build/Products/Debug/Media_MuncherTests.swiftmodule/arm64-apple-macos.abi.json /Users/tonimelisma/Library/Developer/Xcode/DerivedData/Media_Muncher-aycbbxmhmvlzfedfyiwymprzawtu/Build/Intermediates.noindex/Media\ Muncher.build/Debug/Media\ MuncherTests.build/Objects-normal/arm64/Media_MuncherTests.abi.json (in target 'Media MuncherTests' from project 'Media Muncher')
    cd /Users/tonimelisma/Development/Media\ Muncher
    builtin-copy -exclude .DS_Store -exclude CVS -exclude .svn -exclude .git -exclude .hg -resolve-src-symlinks -rename /Users/tonimelisma/Library/Developer/Xcode/DerivedData/Media_Muncher-aycbbxmhmvlzfedfyiwymprzawtu/Build/Intermediates.noindex/Media\ Muncher.build/Debug/Media\ MuncherTests.build/Objects-normal/arm64/Media_MuncherTests.abi.json /Users/tonimelisma/Library/Developer/Xcode/DerivedData/Media_Muncher-aycbbxmhmvlzfedfyiwymprzawtu/Build/Products/Debug/Media_MuncherTests.swiftmodule/arm64-apple-macos.abi.json

SwiftDriverJobDiscovery normal arm64 Compiling FileProcessorRecalculationTests.swift (in target 'Media MuncherTests' from project 'Media Muncher')

SwiftDriver\ Compilation Media\ MuncherTests normal arm64 com.apple.xcode.tools.swift.compiler (in target 'Media MuncherTests' from project 'Media Muncher')
    cd /Users/tonimelisma/Development/Media\ Muncher
    builtin-Swift-Compilation -- /Applications/Xcode.app/Contents/Developer/Toolchains/XcodeDefault.xctoolchain/usr/bin/swiftc -module-name Media_MuncherTests -Onone -enforce-exclusivity\=checked @/Users/tonimelisma/Library/Developer/Xcode/DerivedData/Media_Muncher-aycbbxmhmvlzfedfyiwymprzawtu/Build/Intermediates.noindex/Media\ Muncher.build/Debug/Media\ MuncherTests.build/Objects-normal/arm64/Media\ MuncherTests.SwiftFileList -DDEBUG -plugin-path /Applications/Xcode.app/Contents/Developer/Toolchains/XcodeDefault.xctoolchain/usr/lib/swift/host/plugins/testing -enable-bare-slash-regex -enable-experimental-feature DebugDescriptionMacro -sdk /Applications/Xcode.app/Contents/Developer/Platforms/MacOSX.platform/Developer/SDKs/MacOSX15.5.sdk -target arm64-apple-macos15.2 -g -module-cache-path /Users/tonimelisma/Library/Developer/Xcode/DerivedData/ModuleCache.noindex -Xfrontend -serialize-debugging-options -profile-coverage-mapping -profile-generate -enable-testing -index-store-path /Users/tonimelisma/Library/Developer/Xcode/DerivedData/Media_Muncher-aycbbxmhmvlzfedfyiwymprzawtu/Index.noindex/DataStore -swift-version 5 -I /Users/tonimelisma/Library/Developer/Xcode/DerivedData/Media_Muncher-aycbbxmhmvlzfedfyiwymprzawtu/Build/Products/Debug -I /Applications/Xcode.app/Contents/Developer/Platforms/MacOSX.platform/Developer/usr/lib -F /Users/tonimelisma/Library/Developer/Xcode/DerivedData/Media_Muncher-aycbbxmhmvlzfedfyiwymprzawtu/Build/Products/Debug -F /Applications/Xcode.app/Contents/Developer/Platforms/MacOSX.platform/Developer/Library/Frameworks -c -j8 -enable-batch-mode -incremental -Xcc -ivfsstatcache -Xcc /Users/tonimelisma/Library/Developer/Xcode/DerivedData/SDKStatCaches.noindex/macosx15.5-24F74-8254517eb8b97d462ccbc072ba9094c9.sdkstatcache -output-file-map /Users/tonimelisma/Library/Developer/Xcode/DerivedData/Media_Muncher-aycbbxmhmvlzfedfyiwymprzawtu/Build/Intermediates.noindex/Media\ Muncher.build/Debug/Media\ MuncherTests.build/Objects-normal/arm64/Media\ MuncherTests-OutputFileMap.json -use-frontend-parseable-output -save-temps -no-color-diagnostics -serialize-diagnostics -emit-dependencies -emit-module -emit-module-path /Users/tonimelisma/Library/Developer/Xcode/DerivedData/Media_Muncher-aycbbxmhmvlzfedfyiwymprzawtu/Build/Intermediates.noindex/Media\ Muncher.build/Debug/Media\ MuncherTests.build/Objects-normal/arm64/Media_MuncherTests.swiftmodule -validate-clang-modules-once -clang-build-session-file /Users/tonimelisma/Library/Developer/Xcode/DerivedData/ModuleCache.noindex/Session.modulevalidation -Xcc -I/Users/tonimelisma/Library/Developer/Xcode/DerivedData/Media_Muncher-aycbbxmhmvlzfedfyiwymprzawtu/Build/Intermediates.noindex/Media\ Muncher.build/Debug/Media\ MuncherTests.build/swift-overrides.hmap -emit-const-values -Xfrontend -const-gather-protocols-file -Xfrontend /Users/tonimelisma/Library/Developer/Xcode/DerivedData/Media_Muncher-aycbbxmhmvlzfedfyiwymprzawtu/Build/Intermediates.noindex/Media\ Muncher.build/Debug/Media\ MuncherTests.build/Objects-normal/arm64/Media\ MuncherTests_const_extract_protocols.json -Xcc -iquote -Xcc /Users/tonimelisma/Library/Developer/Xcode/DerivedData/Media_Muncher-aycbbxmhmvlzfedfyiwymprzawtu/Build/Intermediates.noindex/Media\ Muncher.build/Debug/Media\ MuncherTests.build/Media\ MuncherTests-generated-files.hmap -Xcc -I/Users/tonimelisma/Library/Developer/Xcode/DerivedData/Media_Muncher-aycbbxmhmvlzfedfyiwymprzawtu/Build/Intermediates.noindex/Media\ Muncher.build/Debug/Media\ MuncherTests.build/Media\ MuncherTests-own-target-headers.hmap -Xcc -I/Users/tonimelisma/Library/Developer/Xcode/DerivedData/Media_Muncher-aycbbxmhmvlzfedfyiwymprzawtu/Build/Intermediates.noindex/Media\ Muncher.build/Debug/Media\ MuncherTests.build/Media\ MuncherTests-all-target-headers.hmap -Xcc -iquote -Xcc /Users/tonimelisma/Library/Developer/Xcode/DerivedData/Media_Muncher-aycbbxmhmvlzfedfyiwymprzawtu/Build/Intermediates.noindex/Media\ Muncher.build/Debug/Media\ MuncherTests.build/Media\ MuncherTests-project-headers.hmap -Xcc -I/Users/tonimelisma/Library/Developer/Xcode/DerivedData/Media_Muncher-aycbbxmhmvlzfedfyiwymprzawtu/Build/Products/Debug/include -Xcc -I/Users/tonimelisma/Library/Developer/Xcode/DerivedData/Media_Muncher-aycbbxmhmvlzfedfyiwymprzawtu/Build/Intermediates.noindex/Media\ Muncher.build/Debug/Media\ MuncherTests.build/DerivedSources-normal/arm64 -Xcc -I/Users/tonimelisma/Library/Developer/Xcode/DerivedData/Media_Muncher-aycbbxmhmvlzfedfyiwymprzawtu/Build/Intermediates.noindex/Media\ Muncher.build/Debug/Media\ MuncherTests.build/DerivedSources/arm64 -Xcc -I/Users/tonimelisma/Library/Developer/Xcode/DerivedData/Media_Muncher-aycbbxmhmvlzfedfyiwymprzawtu/Build/Intermediates.noindex/Media\ Muncher.build/Debug/Media\ MuncherTests.build/DerivedSources -Xcc -DDEBUG\=1 -emit-objc-header -emit-objc-header-path /Users/tonimelisma/Library/Developer/Xcode/DerivedData/Media_Muncher-aycbbxmhmvlzfedfyiwymprzawtu/Build/Intermediates.noindex/Media\ Muncher.build/Debug/Media\ MuncherTests.build/Objects-normal/arm64/Media_MuncherTests-Swift.h -working-directory /Users/tonimelisma/Development/Media\ Muncher -experimental-emit-module-separately -disable-cmo

Ld /Users/tonimelisma/Library/Developer/Xcode/DerivedData/Media_Muncher-aycbbxmhmvlzfedfyiwymprzawtu/Build/Products/Debug/Media\ Muncher.app/Contents/PlugIns/Media\ MuncherTests.xctest/Contents/MacOS/Media\ MuncherTests normal (in target 'Media MuncherTests' from project 'Media Muncher')
    cd /Users/tonimelisma/Development/Media\ Muncher
    /Applications/Xcode.app/Contents/Developer/Toolchains/XcodeDefault.xctoolchain/usr/bin/clang -Xlinker -reproducible -target arm64-apple-macos15.2 -bundle -isysroot /Applications/Xcode.app/Contents/Developer/Platforms/MacOSX.platform/Developer/SDKs/MacOSX15.5.sdk -O0 -L/Users/tonimelisma/Library/Developer/Xcode/DerivedData/Media_Muncher-aycbbxmhmvlzfedfyiwymprzawtu/Build/Intermediates.noindex/EagerLinkingTBDs/Debug -L/Users/tonimelisma/Library/Developer/Xcode/DerivedData/Media_Muncher-aycbbxmhmvlzfedfyiwymprzawtu/Build/Products/Debug -L/Applications/Xcode.app/Contents/Developer/Platforms/MacOSX.platform/Developer/usr/lib -F/Users/tonimelisma/Library/Developer/Xcode/DerivedData/Media_Muncher-aycbbxmhmvlzfedfyiwymprzawtu/Build/Intermediates.noindex/EagerLinkingTBDs/Debug -F/Users/tonimelisma/Library/Developer/Xcode/DerivedData/Media_Muncher-aycbbxmhmvlzfedfyiwymprzawtu/Build/Products/Debug -iframework /Applications/Xcode.app/Contents/Developer/Platforms/MacOSX.platform/Developer/Library/Frameworks -filelist /Users/tonimelisma/Library/Developer/Xcode/DerivedData/Media_Muncher-aycbbxmhmvlzfedfyiwymprzawtu/Build/Intermediates.noindex/Media\ Muncher.build/Debug/Media\ MuncherTests.build/Objects-normal/arm64/Media\ MuncherTests.LinkFileList -Xlinker -rpath -Xlinker @loader_path/../Frameworks -Xlinker -rpath -Xlinker @executable_path/../Frameworks -dead_strip -bundle_loader /Users/tonimelisma/Library/Developer/Xcode/DerivedData/Media_Muncher-aycbbxmhmvlzfedfyiwymprzawtu/Build/Products/Debug/Media\ Muncher.app/Contents/MacOS/Media\ Muncher -Xlinker -object_path_lto -Xlinker /Users/tonimelisma/Library/Developer/Xcode/DerivedData/Media_Muncher-aycbbxmhmvlzfedfyiwymprzawtu/Build/Intermediates.noindex/Media\ Muncher.build/Debug/Media\ MuncherTests.build/Objects-normal/arm64/Media\ MuncherTests_lto.o -rdynamic -Xlinker -no_deduplicate -Xlinker -debug_variant -Xlinker -dependency_info -Xlinker /Users/tonimelisma/Library/Developer/Xcode/DerivedData/Media_Muncher-aycbbxmhmvlzfedfyiwymprzawtu/Build/Intermediates.noindex/Media\ Muncher.build/Debug/Media\ MuncherTests.build/Objects-normal/arm64/Media\ MuncherTests_dependency_info.dat -fobjc-link-runtime -fprofile-instr-generate -L/Applications/Xcode.app/Contents/Developer/Toolchains/XcodeDefault.xctoolchain/usr/lib/swift/macosx -L/usr/lib/swift -Xlinker -add_ast_path -Xlinker /Users/tonimelisma/Library/Developer/Xcode/DerivedData/Media_Muncher-aycbbxmhmvlzfedfyiwymprzawtu/Build/Intermediates.noindex/Media\ Muncher.build/Debug/Media\ MuncherTests.build/Objects-normal/arm64/Media_MuncherTests.swiftmodule -framework XCTest -lXCTestSwiftSupport /Users/tonimelisma/Library/Developer/Xcode/DerivedData/Media_Muncher-aycbbxmhmvlzfedfyiwymprzawtu/Build/Products/Debug/Media\ Muncher.app/Contents/MacOS/Media\ Muncher.debug.dylib -Xlinker -no_adhoc_codesign -o /Users/tonimelisma/Library/Developer/Xcode/DerivedData/Media_Muncher-aycbbxmhmvlzfedfyiwymprzawtu/Build/Products/Debug/Media\ Muncher.app/Contents/PlugIns/Media\ MuncherTests.xctest/Contents/MacOS/Media\ MuncherTests

CopySwiftLibs /Users/tonimelisma/Library/Developer/Xcode/DerivedData/Media_Muncher-aycbbxmhmvlzfedfyiwymprzawtu/Build/Products/Debug/Media\ Muncher.app/Contents/PlugIns/Media\ MuncherTests.xctest (in target 'Media MuncherTests' from project 'Media Muncher')
    cd /Users/tonimelisma/Development/Media\ Muncher
    builtin-swiftStdLibTool --copy --verbose --sign E487D48A93D24A659CAEB4DB45BBDEB070938D5E --scan-executable /Users/tonimelisma/Library/Developer/Xcode/DerivedData/Media_Muncher-aycbbxmhmvlzfedfyiwymprzawtu/Build/Products/Debug/Media\ Muncher.app/Contents/PlugIns/Media\ MuncherTests.xctest/Contents/MacOS/Media\ MuncherTests --scan-folder /Users/tonimelisma/Library/Developer/Xcode/DerivedData/Media_Muncher-aycbbxmhmvlzfedfyiwymprzawtu/Build/Products/Debug/Media\ Muncher.app/Contents/PlugIns/Media\ MuncherTests.xctest/Contents/Frameworks --scan-folder /Users/tonimelisma/Library/Developer/Xcode/DerivedData/Media_Muncher-aycbbxmhmvlzfedfyiwymprzawtu/Build/Products/Debug/Media\ Muncher.app/Contents/PlugIns/Media\ MuncherTests.xctest/Contents/PlugIns --scan-folder /Users/tonimelisma/Library/Developer/Xcode/DerivedData/Media_Muncher-aycbbxmhmvlzfedfyiwymprzawtu/Build/Products/Debug/Media\ Muncher.app/Contents/PlugIns/Media\ MuncherTests.xctest/Contents/Library/SystemExtensions --scan-folder /Users/tonimelisma/Library/Developer/Xcode/DerivedData/Media_Muncher-aycbbxmhmvlzfedfyiwymprzawtu/Build/Products/Debug/Media\ Muncher.app/Contents/PlugIns/Media\ MuncherTests.xctest/Contents/Extensions --platform macosx --toolchain /Applications/Xcode.app/Contents/Developer/Toolchains/XcodeDefault.xctoolchain --destination /Users/tonimelisma/Library/Developer/Xcode/DerivedData/Media_Muncher-aycbbxmhmvlzfedfyiwymprzawtu/Build/Products/Debug/Media\ Muncher.app/Contents/PlugIns/Media\ MuncherTests.xctest/Contents/Frameworks --strip-bitcode --scan-executable /Applications/Xcode.app/Contents/Developer/Platforms/MacOSX.platform/Developer/usr/lib/libXCTestSwiftSupport.dylib --strip-bitcode-tool /Applications/Xcode.app/Contents/Developer/Toolchains/XcodeDefault.xctoolchain/usr/bin/bitcode_strip --emit-dependency-info /Users/tonimelisma/Library/Developer/Xcode/DerivedData/Media_Muncher-aycbbxmhmvlzfedfyiwymprzawtu/Build/Intermediates.noindex/Media\ Muncher.build/Debug/Media\ MuncherTests.build/SwiftStdLibToolInputDependencies.dep --filter-for-swift-os

ExtractAppIntentsMetadata (in target 'Media MuncherTests' from project 'Media Muncher')
    cd /Users/tonimelisma/Development/Media\ Muncher
    /Applications/Xcode.app/Contents/Developer/Toolchains/XcodeDefault.xctoolchain/usr/bin/appintentsmetadataprocessor --toolchain-dir /Applications/Xcode.app/Contents/Developer/Toolchains/XcodeDefault.xctoolchain --module-name Media_MuncherTests --sdk-root /Applications/Xcode.app/Contents/Developer/Platforms/MacOSX.platform/Developer/SDKs/MacOSX15.5.sdk --xcode-version 16F6 --platform-family macOS --deployment-target 15.2 --bundle-identifier net.melisma.Media-MuncherTests --output /Users/tonimelisma/Library/Developer/Xcode/DerivedData/Media_Muncher-aycbbxmhmvlzfedfyiwymprzawtu/Build/Products/Debug/Media\ Muncher.app/Contents/PlugIns/Media\ MuncherTests.xctest/Contents/Resources --target-triple arm64-apple-macos15.2 --binary-file /Users/tonimelisma/Library/Developer/Xcode/DerivedData/Media_Muncher-aycbbxmhmvlzfedfyiwymprzawtu/Build/Products/Debug/Media\ Muncher.app/Contents/PlugIns/Media\ MuncherTests.xctest/Contents/MacOS/Media\ MuncherTests --dependency-file /Users/tonimelisma/Library/Developer/Xcode/DerivedData/Media_Muncher-aycbbxmhmvlzfedfyiwymprzawtu/Build/Intermediates.noindex/Media\ Muncher.build/Debug/Media\ MuncherTests.build/Objects-normal/arm64/Media\ MuncherTests_dependency_info.dat --stringsdata-file /Users/tonimelisma/Library/Developer/Xcode/DerivedData/Media_Muncher-aycbbxmhmvlzfedfyiwymprzawtu/Build/Intermediates.noindex/Media\ Muncher.build/Debug/Media\ MuncherTests.build/Objects-normal/arm64/ExtractedAppShortcutsMetadata.stringsdata --source-file-list /Users/tonimelisma/Library/Developer/Xcode/DerivedData/Media_Muncher-aycbbxmhmvlzfedfyiwymprzawtu/Build/Intermediates.noindex/Media\ Muncher.build/Debug/Media\ MuncherTests.build/Objects-normal/arm64/Media\ MuncherTests.SwiftFileList --metadata-file-list /Users/tonimelisma/Library/Developer/Xcode/DerivedData/Media_Muncher-aycbbxmhmvlzfedfyiwymprzawtu/Build/Intermediates.noindex/Media\ Muncher.build/Debug/Media\ MuncherTests.build/Media\ MuncherTests.DependencyMetadataFileList --static-metadata-file-list /Users/tonimelisma/Library/Developer/Xcode/DerivedData/Media_Muncher-aycbbxmhmvlzfedfyiwymprzawtu/Build/Intermediates.noindex/Media\ Muncher.build/Debug/Media\ MuncherTests.build/Media\ MuncherTests.DependencyStaticMetadataFileList --swift-const-vals-list /Users/tonimelisma/Library/Developer/Xcode/DerivedData/Media_Muncher-aycbbxmhmvlzfedfyiwymprzawtu/Build/Intermediates.noindex/Media\ Muncher.build/Debug/Media\ MuncherTests.build/Objects-normal/arm64/Media\ MuncherTests.SwiftConstValuesFileList --compile-time-extraction --deployment-aware-processing --validate-assistant-intents --no-app-shortcuts-localization
2025-07-12 17:46:12.110 appintentsmetadataprocessor[63150:66865225] Starting appintentsmetadataprocessor export
2025-07-12 17:46:12.112 appintentsmetadataprocessor[63150:66865225] warning: Metadata extraction skipped. No AppIntents.framework dependency found.

CodeSign /Users/tonimelisma/Library/Developer/Xcode/DerivedData/Media_Muncher-aycbbxmhmvlzfedfyiwymprzawtu/Build/Products/Debug/Media\ Muncher.app/Contents/PlugIns/Media\ MuncherTests.xctest (in target 'Media MuncherTests' from project 'Media Muncher')
    cd /Users/tonimelisma/Development/Media\ Muncher
    
    Signing Identity:     "Apple Development: toni@melisma.net (BYG4Q273U2)"
    
    /usr/bin/codesign --force --sign E487D48A93D24A659CAEB4DB45BBDEB070938D5E --timestamp\=none --generate-entitlement-der /Users/tonimelisma/Library/Developer/Xcode/DerivedData/Media_Muncher-aycbbxmhmvlzfedfyiwymprzawtu/Build/Products/Debug/Media\ Muncher.app/Contents/PlugIns/Media\ MuncherTests.xctest

CodeSign /Users/tonimelisma/Library/Developer/Xcode/DerivedData/Media_Muncher-aycbbxmhmvlzfedfyiwymprzawtu/Build/Products/Debug/Media\ Muncher.app/Contents/MacOS/Media\ Muncher.debug.dylib (in target 'Media Muncher' from project 'Media Muncher')
    cd /Users/tonimelisma/Development/Media\ Muncher
    
    Signing Identity:     "Apple Development: toni@melisma.net (BYG4Q273U2)"
    
    /usr/bin/codesign --force --sign E487D48A93D24A659CAEB4DB45BBDEB070938D5E --timestamp\=none --generate-entitlement-der /Users/tonimelisma/Library/Developer/Xcode/DerivedData/Media_Muncher-aycbbxmhmvlzfedfyiwymprzawtu/Build/Products/Debug/Media\ Muncher.app/Contents/MacOS/Media\ Muncher.debug.dylib

CodeSign /Users/tonimelisma/Library/Developer/Xcode/DerivedData/Media_Muncher-aycbbxmhmvlzfedfyiwymprzawtu/Build/Products/Debug/Media\ Muncher.app/Contents/MacOS/__preview.dylib (in target 'Media Muncher' from project 'Media Muncher')
    cd /Users/tonimelisma/Development/Media\ Muncher
    
    Signing Identity:     "Apple Development: toni@melisma.net (BYG4Q273U2)"
    
    /usr/bin/codesign --force --sign E487D48A93D24A659CAEB4DB45BBDEB070938D5E --timestamp\=none --generate-entitlement-der /Users/tonimelisma/Library/Developer/Xcode/DerivedData/Media_Muncher-aycbbxmhmvlzfedfyiwymprzawtu/Build/Products/Debug/Media\ Muncher.app/Contents/MacOS/__preview.dylib
/Users/tonimelisma/Library/Developer/Xcode/DerivedData/Media_Muncher-aycbbxmhmvlzfedfyiwymprzawtu/Build/Products/Debug/Media Muncher.app/Contents/MacOS/__preview.dylib: replacing existing signature

CodeSign /Users/tonimelisma/Library/Developer/Xcode/DerivedData/Media_Muncher-aycbbxmhmvlzfedfyiwymprzawtu/Build/Products/Debug/Media\ Muncher.app (in target 'Media Muncher' from project 'Media Muncher')
    cd /Users/tonimelisma/Development/Media\ Muncher
    
    Signing Identity:     "Apple Development: toni@melisma.net (BYG4Q273U2)"
    
    /usr/bin/codesign --force --sign E487D48A93D24A659CAEB4DB45BBDEB070938D5E --entitlements /Users/tonimelisma/Library/Developer/Xcode/DerivedData/Media_Muncher-aycbbxmhmvlzfedfyiwymprzawtu/Build/Intermediates.noindex/Media\ Muncher.build/Debug/Media\ Muncher.build/Media\ Muncher.app.xcent --timestamp\=none --generate-entitlement-der /Users/tonimelisma/Library/Developer/Xcode/DerivedData/Media_Muncher-aycbbxmhmvlzfedfyiwymprzawtu/Build/Products/Debug/Media\ Muncher.app

Validate /Users/tonimelisma/Library/Developer/Xcode/DerivedData/Media_Muncher-aycbbxmhmvlzfedfyiwymprzawtu/Build/Products/Debug/Media\ Muncher.app (in target 'Media Muncher' from project 'Media Muncher')
    cd /Users/tonimelisma/Development/Media\ Muncher
    builtin-validationUtility /Users/tonimelisma/Library/Developer/Xcode/DerivedData/Media_Muncher-aycbbxmhmvlzfedfyiwymprzawtu/Build/Products/Debug/Media\ Muncher.app -no-validate-extension -infoplist-subpath Contents/Info.plist

RegisterWithLaunchServices /Users/tonimelisma/Library/Developer/Xcode/DerivedData/Media_Muncher-aycbbxmhmvlzfedfyiwymprzawtu/Build/Products/Debug/Media\ Muncher.app (in target 'Media Muncher' from project 'Media Muncher')
    cd /Users/tonimelisma/Development/Media\ Muncher
    /System/Library/Frameworks/CoreServices.framework/Versions/Current/Frameworks/LaunchServices.framework/Versions/Current/Support/lsregister -f -R -trusted /Users/tonimelisma/Library/Developer/Xcode/DerivedData/Media_Muncher-aycbbxmhmvlzfedfyiwymprzawtu/Build/Products/Debug/Media\ Muncher.app

2025-07-12 17:46:26.946 xcodebuild[63128:66865056] [MT] IDETestOperationsObserverDebug: 14.516 elapsed -- Testing started completed.
2025-07-12 17:46:26.947 xcodebuild[63128:66865056] [MT] IDETestOperationsObserverDebug: 0.000 sec, +0.000 sec -- start
2025-07-12 17:46:26.947 xcodebuild[63128:66865056] [MT] IDETestOperationsObserverDebug: 14.516 sec, +14.516 sec -- end

Test session results, code coverage, and logs:
	/Users/tonimelisma/Library/Developer/Xcode/DerivedData/Media_Muncher-aycbbxmhmvlzfedfyiwymprzawtu/Logs/Test/Test-Media Muncher-2025.07.12_17-46-09--0700.xcresult

Failing tests:
	FileProcessorRecalculationTests.testRecalculateFileStatuses_changesPreExistingToWaiting()

** TEST FAILED **

Testing started
Test suite 'FileProcessorRecalculationTests' started on 'My Mac - Media Muncher (63156)'
Test case 'FileProcessorRecalculationTests.testRecalculateFileStatuses_changesPreExistingToWaiting()' failed on 'My Mac - Media Muncher (63156)' (0.119 seconds)
